// Jest Snapshot v1, https://goo.gl/fbAQLP

exports[`create snapshot Popup 1`] = `
<TouchableWithoutFeedback
  accessibilityLabel="closePopupID"
  testID="closePopupID"
>
  <View
    style={
      Object {
        "alignItems": "center",
        "flex": 1,
        "height": "100%",
        "justifyContent": "center",
      }
    }
  >
    <View
      style={
        Object {
          "backgroundColor": "rgba(0,0,0,0.4)",
          "height": "200%",
          "left": 0,
          "position": "absolute",
          "top": 0,
          "width": "200%",
          "zIndex": -1,
        }
      }
    />
    <TouchableWithoutFeedback
      onPress={[Function]}
    >
      <View
        style={
          Array [
            Object {
              "backgroundColor": "#FFFFFF",
              "borderRadius": 10,
              "elevation": 4,
              "padding": 25,
              "shadowColor": "rgba(0, 0, 0, 0.15)",
              "shadowOffset": Object {
                "height": 4,
                "width": 0,
              },
              "shadowOpacity": 1,
              "shadowRadius": 4,
            },
            Object {
              "width": undefined,
            },
          ]
        }
      >
        <View
          style={
            Object {
              "flexDirection": "row",
              "justifyContent": "space-evenly",
            }
          }
        />
      </View>
    </TouchableWithoutFeedback>
  </View>
</TouchableWithoutFeedback>
`;
