// Jest Snapshot v1, https://goo.gl/fbAQLP

exports[`create snapshot RegistrationScreen 1`] = `
<KeyboardAvoidingView
  behavior="padding"
  enabled={true}
  keyboardVerticalOffset={0}
  style={
    Object {
      "backgroundColor": "#E5E5E5",
      "height": "100%",
      "left": 0,
      "position": "absolute",
      "top": 0,
      "width": "100%",
    }
  }
>
  <StatusBar
    animated={false}
    backgroundColor="#000756"
    barStyle="light-content"
    showHideTransition="fade"
  />
  <ScrollViewMock
    contentContainerStyle={
      Object {
        "alignItems": "center",
      }
    }
    keyboardShouldPersistTaps="handled"
    style={
      Object {
        "flex": 1,
        "height": "100%",
        "width": "100%",
      }
    }
  >
    <View
      style={
        Object {
          "left": 0,
          "position": "absolute",
          "top": -50,
        }
      }
    >
      <Background />
    </View>
    <View
      style={
        Object {
          "alignItems": "center",
          "height": 35,
          "justifyContent": "center",
          "marginBottom": 20,
          "marginTop": 60,
          "width": "100%",
        }
      }
    >
      <Logo />
    </View>
    <View
      style={
        Object {
          "alignItems": "center",
          "backgroundColor": "#FFFFFF",
          "borderRadius": 10,
          "flexDirection": "column",
          "justifyContent": "space-around",
          "minHeight": 933.8,
          "width": "90%",
        }
      }
    >
      <Text
        style={
          Object {
            "color": "#000756",
            "fontFamily": "Roboto",
            "fontSize": 22,
            "fontWeight": "bold",
            "lineHeight": 32,
            "marginVertical": 25,
            "textAlign": "center",
          }
        }
      >
        Cоздать аккаунт
      </Text>
      <CommonInput
        action={[Function]}
        currentLanguageName="ru"
        errorText="Ошибка ввода имени"
        filter={/\\(\\?=\\(\\^\\[\\^<>\\(\\)\\\\\\[\\\\\\]\\\\\\\\\\.,;:\\\\s@"#'!\\?\\$%\\^&\\*_=\\+-\\]\\)\\)\\[\\^<>\\(\\)\\\\\\[\\\\\\]\\\\\\\\\\.,;:@"#!\\?\\$%\\^&\\*_=\\+\\]\\{0,199\\}\\(\\[\\^<>\\(\\)\\\\\\[\\\\\\]\\\\\\\\\\.,;:\\\\s@"#!\\?\\$%'\\^&\\*_=\\+-\\]\\$\\)/}
        placeholder="Имя"
        testID="InputFirstNameRegistrationID"
        textErrorID="FirstNameErrorRegostrationID"
      />
      <CommonInput
        action={[Function]}
        currentLanguageName="ru"
        errorText="Ошибка ввода фамилии"
        filter={/\\(\\?=\\(\\^\\[\\^<>\\(\\)\\\\\\[\\\\\\]\\\\\\\\\\.,;:\\\\s@"#'!\\?\\$%\\^&\\*_=\\+-\\]\\)\\)\\[\\^<>\\(\\)\\\\\\[\\\\\\]\\\\\\\\\\.,;:@"#!\\?\\$%\\^&\\*_=\\+\\]\\{0,199\\}\\(\\[\\^<>\\(\\)\\\\\\[\\\\\\]\\\\\\\\\\.,;:\\\\s@"#!\\?\\$%'\\^&\\*_=\\+-\\]\\$\\)/}
        placeholder="Фамилия"
        testID="InputLastNameRegistrationID"
        textErrorID="LastNameErrorRegostrationID"
      />
      <CommonInput
        action={[Function]}
        currentLanguageName="ru"
        errorText="Ошибка ввода e-mail"
        filter={/\\^\\(\\(\\[\\^<>\\(\\)\\\\\\[\\\\\\]\\\\\\\\\\.,;:\\\\s@"\\]\\+\\(\\\\\\.\\[\\^<>\\(\\)\\\\\\[\\\\\\]\\\\\\\\\\.,;:\\\\s@"\\]\\+\\)\\*\\)\\|\\("\\.\\+"\\)\\)@\\(\\(\\\\\\[\\[0-9\\]\\{1,3\\}\\\\\\.\\[0-9\\]\\{1,3\\}\\\\\\.\\[0-9\\]\\{1,3\\}\\\\\\.\\[0-9\\]\\{1,3\\}\\\\\\]\\)\\|\\(\\(\\[a-zA-Z\\\\-0-9\\]\\+\\\\\\.\\)\\+\\[a-zA-Z\\]\\{2,\\}\\)\\)\\$/}
        keyboardType="email-address"
        placeholder="Email"
        testID="InputEmailRegistrationID"
        textErrorID="EmailErrorRegostrationID"
      />
      <withNavigation(CountryPicker)
        language="ru"
      />
      <PhoneInput
        action={[Function]}
        currentLanguageName="ru"
        errorText="Неверно указан номер телефона"
        filter={/\\^\\(\\(\\[0-9\\+\\\\-\\(\\)\\]\\)\\{6,24\\}\\)\\$/}
        maxWidth={230}
        phcode={true}
        placeholder="Телефон"
      />
      <withNavigation(AgreementAndCheckbox)
        text="Заполняя форму регистрации, я принимаю"
        textWithClick="условия обработки персональных данных."
        title="Пользовательское соглашение"
      />
      <ButtonSubmit
        isDisabled={true}
        onPress={[Function]}
        testID="ButtonSubmitRegistrationID"
        text="Регистрация"
      />
    </View>
    <withNavigation(AuthorizationButton)
      text="Уже есть аккаунт ?"
      textLogin="Войти"
    />
  </ScrollViewMock>
</KeyboardAvoidingView>
`;
