// Jest Snapshot v1, https://goo.gl/fbAQLP

exports[`create snapshot Toast 1`] = `null`;

exports[`create snapshot Toast 2`] = `
<View
  pointerEvents="none"
  style={
    Object {
      "alignItems": "center",
      "backgroundColor": "transparent",
      "flex": 1,
      "height": "100%",
      "justifyContent": "center",
      "padding": 20,
      "position": "absolute",
      "width": "100%",
      "zIndex": 1000000,
    }
  }
>
  <View
    style={
      Object {
        "backgroundColor": "#666",
        "borderRadius": 30,
        "padding": 15,
      }
    }
  >
    <Text
      style={
        Object {
          "color": "#FFFFFF",
          "textAlign": "center",
        }
      }
    >
      bla bla bla
    </Text>
  </View>
</View>
`;
