// Jest Snapshot v1, https://goo.gl/fbAQLP

exports[`create snapshot DetailArticleScreen 1`] = `
<View
  style={
    Object {
      "backgroundColor": "#F5F5F7",
      "flex": 1,
    }
  }
  testID="welcome"
>
  <ScrollViewMock>
    <Text
      style={
        Array [
          Object {
            "color": "#000756",
            "fontFamily": "Roboto-Bold",
            "fontSize": 16,
            "padding": 15,
          },
          Object {
            "textAlign": "left",
          },
        ]
      }
    >
      География Forex
    </Text>
    <Text
      style={
        Array [
          Object {
            "color": "rgba(0, 7, 86, 0.87)",
            "fontFamily": "Roboto-Light",
            "fontSize": 16,
            "lineHeight": 21,
            "paddingBottom": 20,
            "paddingHorizontal": 15,
          },
          Object {
            "textAlign": "left",
          },
        ]
      }
    >
      Рабочими площадками банковских операций рынка Forex являются взаимодействующие между собой с помощью новейших информационных технологий региональных валютные рынки. Основными игроками являются Новозеландский и Австралийский валютные рынки (Веллингтон, Сидней), Азиатский (Токио, Сингапур, Гонконг), Европейский (Лондон, Франкфурт-на-Майне, Цюрих) и Американский (Нью-Йорк, Чикаго, Лос-Анджелес) рынки.Благодаря тому, что рынки расположены в разных частях планеты и принятой во всем мире системе часовых поясов, рынок Forex функционирует круглосуточно. Лишь один раз в неделю, с 22.00 в пятницу по Гринвичу (GMT+3 по отношению к московскому), времени закрытия американских бирж, до 21.00 воскресенья, время открытия валютных торгов в Новой Зеландии, рынок уходит на уик-энд. Также биржи не работают в периоды больших праздников.
    </Text>
  </ScrollViewMock>
</View>
`;
