// Jest Snapshot v1, https://goo.gl/fbAQLP

exports[`create snapshot InputPasswordWithSVG 1`] = `
<View
  style={
    Object {
      "alignItems": "center",
      "flexDirection": "column",
      "height": 50,
      "width": 290,
    }
  }
>
  <View
    style={
      Array [
        Object {
          "alignItems": "center",
          "backgroundColor": "#FFFFFF",
          "borderBottomWidth": 1,
          "borderColor": "#1459D2",
          "flexDirection": "row",
          "height": 35,
          "justifyContent": "space-between",
          "paddingRight": 5,
          "width": "100%",
        },
        Object {
          "borderColor": "#D3D9E7",
        },
        null,
      ]
    }
  >
    <TextInput
      allowFontScaling={true}
      keyboardType="default"
      onBlur={[Function]}
      onChangeText={[Function]}
      placeholder="password"
      placeholderTextColor="#9FA0B2"
      rejectResponderTermination={true}
      secureTextEntry={true}
      selectionColor="#5A6772"
      style={
        Array [
          Object {
            "backgroundColor": "white",
            "color": "#1459D2",
            "flex": 1,
            "fontFamily": "Roboto-Light",
            "fontSize": 18,
            "height": "100%",
            "marginRight": 10,
            "padding": 0,
          },
          null,
        ]
      }
      underlineColorAndroid="transparent"
    />
    <TouchableOpacity
      accessibilityLabel="BtnShowPassAuthorizationID"
      activeOpacity={0.2}
      onPress={[Function]}
      testID="BtnShowPassAuthorizationID"
    >
      <Dontshow />
    </TouchableOpacity>
  </View>
  <WarningInputText
    isShowWarningText={false}
    text="Password failed"
  />
</View>
`;
