// Jest Snapshot v1, https://goo.gl/fbAQLP

exports[`create snapshot AgreementScreen 1`] = `
<View
  style={
    Object {
      "backgroundColor": "#F5F5F7",
      "flex": 1,
      "height": "100%",
      "width": "100%",
    }
  }
>
  <StatusBar
    animated={false}
    backgroundColor="#000756"
    barStyle="light-content"
    showHideTransition="fade"
  />
  <FlatList
    contentContainerStyle={
      Object {
        "backgroundColor": "#F5F5F7",
      }
    }
    data={null}
    disableVirtualization={false}
    horizontal={false}
    initialNumToRender={10}
    keyExtractor={[Function]}
    keyboardShouldPersistTaps="handled"
    maxToRenderPerBatch={10}
    numColumns={1}
    onEndReachedThreshold={2}
    removeClippedSubviews={false}
    renderItem={[Function]}
    scrollEventThrottle={50}
    style={
      Object {
        "paddingTop": 20,
      }
    }
    updateCellsBatchingPeriod={50}
    windowSize={21}
  />
</View>
`;
