// Jest Snapshot v1, https://goo.gl/fbAQLP

exports[`create snapshot ButtonForgotPassword 1`] = `
<TouchableOpacity
  accessibilityLabel="ForgotPasswordAuthorizationID"
  activeOpacity={0.2}
  onPress={[Function]}
  testID="ForgotPasswordAuthorizationID"
>
  <View
    style={
      Object {
        "marginBottom": 30,
        "width": 290,
      }
    }
  >
    <Text
      style={
        Object {
          "color": "#1459D2",
          "fontFamily": "Roboto-Light",
          "fontSize": 14,
          "textAlign": "right",
        }
      }
    >
      Forgot password?
    </Text>
  </View>
</TouchableOpacity>
`;
